Fitter Route Stage Report for Assignment1DHL
Mon Jul  6 08:30:18 2026
Quartus Prime Version 26.1.0 Build 110 03/26/2026 SC Pro Edition


---------------------
; Table of Contents ;
---------------------
  1. Legal Notice
  2. Delay Chain Summary
  3. Routing Usage Summary
  4. Route Messages
  5. Global Router Wire Utilization Map
  6. Peak Wire Demand Summary
  7. Peak Wire Demand Details
  8. Peak Total Grid Crossings
  9. Global Router Congestion Hotspot Summary



----------------
; Legal Notice ;
----------------
Copyright (C) 2026  Altera Corporation. All rights reserved.
Your use of Altera Corporation's design tools, logic functions 
and other software and tools, and any partner logic 
functions, and any output files from any of the foregoing 
(including device programming or simulation files), and any 
associated documentation or information are expressly subject 
to the terms and conditions of the Altera Program License 
Subscription Agreement, the Altera Quartus Prime License Agreement,
the Altera IP License Agreement, or other applicable license
agreement, including, without limitation, that your use is for
the sole purpose of programming logic devices manufactured by
Altera and sold by Altera or its authorized distributors.  Please
refer to the Altera Software License Subscription Agreements 
on the Quartus Prime software download page.



+----------------------------------------------------------------------------------------------------------------------------------------------------------+
; Delay Chain Summary                                                                                                                                      ;
+---------+----------+---------------------+--------------------+----------------+-----------------------------------+-------------------------------------+
; Name    ; Pin Type ; Input Delay Chain 0 ; Output Delay Chain ; OE Delay Chain ; IO_12_LANE Input Data Delay Chain ; IO_12_LANE Input Strobe Delay Chain ;
+---------+----------+---------------------+--------------------+----------------+-----------------------------------+-------------------------------------+
; out_bit ; Output   ; --                  ; 0                  ; --             ; --                                ; --                                  ;
; in_bit  ; Input    ; 0                   ; --                 ; --             ; --                                ; --                                  ;
+---------+----------+---------------------+--------------------+----------------+-----------------------------------+-------------------------------------+


+----------------------------------------------------------------+
; Routing Usage Summary                                          ;
+--------------------------------------+-------------------------+
; Routing Resource Type                ; Usage                   ;
+--------------------------------------+-------------------------+
; Block Input Mux Wrapbacks            ; 0 / 197,400 ( 0 % )     ;
; Block Input Muxes                    ; 1 / 2,278,560 ( < 1 % ) ;
; Block interconnects                  ; 1 / 2,391,360 ( < 1 % ) ;
; C1 interconnects                     ; 0 / 1,071,360 ( 0 % )   ;
; C4 interconnects                     ; 0 / 1,049,040 ( 0 % )   ;
; C8 interconnects                     ; 0 / 104,904 ( 0 % )     ;
; DCM_muxes                            ; 0 / 456 ( 0 % )         ;
; DELAY_CHAINs                         ; 0 / 4,306 ( 0 % )       ;
; Direct links                         ; 0 / 2,391,360 ( 0 % )   ;
; HIO Buffers                          ; 0 / 31,584 ( 0 % )      ;
; IO75XDDRFMXCKTREE_CLKDRV_BIG_VCO_REs ; 0 / 16 ( 0 % )          ;
; IO75XDDRFMXCKTREE_CLKDRV_GM0_REs     ; 0 / 16 ( 0 % )          ;
; IO75XDDRFMXCKTREE_CLKDRV_VCO_INPUTs  ; 0 / 8 ( 0 % )           ;
; IO75XDDRFMXCKTREE_CLKDRV_VCO_OUTPUTs ; 0 / 8 ( 0 % )           ;
; IO75XDDRFMXCKTREE_FB_MUX31_REs       ; 0 / 48 ( 0 % )          ;
; IOFBRADAPT_C2P_BUF_INPUTs            ; 0 / 132 ( 0 % )         ;
; IOFBRADAPT_C2P_BUF_OUTPUTs           ; 0 / 132 ( 0 % )         ;
; IOFBRADAPT_FRZ_BUFS_REs              ; 0 / 616 ( 0 % )         ;
; IOFBRADAPT_P2C_BUF_INPUTs            ; 0 / 284 ( 0 % )         ;
; IOFBRADAPT_P2C_BUF_OUTPUTs           ; 0 / 284 ( 0 % )         ;
; Programmable Invert Buffers          ; 0 / 320 ( 0 % )         ;
; Programmable Invert Inputs           ; 1 / 214,170 ( < 1 % )   ;
; Programmable Inverts                 ; 1 / 214,170 ( < 1 % )   ;
; R0 interconnects                     ; 2 / 1,835,820 ( < 1 % ) ;
; R1 interconnects                     ; 1 / 1,049,040 ( < 1 % ) ;
; R12 interconnects                    ; 4 / 157,356 ( < 1 % )   ;
; R2 interconnects                     ; 0 / 527,340 ( 0 % )     ;
; R4 interconnects                     ; 1 / 532,980 ( < 1 % )   ;
; R6 interconnects                     ; 0 / 535,800 ( 0 % )     ;
; Redundancy Muxes                     ; 0 / 62,248 ( 0 % )      ;
; Row Clock Tap-Offs                   ; 0 / 157,356 ( 0 % )     ;
; Switchbox_clock_muxes                ; 0 / 5,120 ( 0 % )       ;
; VIO Buffers                          ; 1 / 12,800 ( < 1 % )    ;
; Vertical_seam_tap_muxes              ; 0 / 2,304 ( 0 % )       ;
+--------------------------------------+-------------------------+


+----------------+
; Route Messages ;
+----------------+
Info (20030): Parallel compilation is enabled and will use 4 of the 4 processors detected
Info: *******************************************************************
Info: Running Quartus Prime Fitter
    Info: Version 26.1.0 Build 110 03/26/2026 SC Pro Edition
    Info: Processing started: Mon Jul  6 08:24:40 2026
    Info: System process ID: 9548
Info: Command: quartus_fit --read_settings_files=on --write_settings_files=off Assignment1DHL -c Assignment1DHL
Info: qfit2_default_script.tcl version: #1
Info: Project  = Assignment1DHL
Info: Revision = Assignment1DHL
Info (22300): Design uses Placement Effort Multiplier = 0.8.
Info (170193): Fitter routing operations beginning
Info (20215): Router estimated peak short interconnect demand : 0% of left directional wire in region X84_Y144 to X95_Y148
    Info (20265): Estimated peak short right directional wire demand : 0% in region X0_Y0 to X11_Y7
    Info (20265): Estimated peak short left directional wire demand : 0% in region X84_Y144 to X95_Y148
    Info (20265): Estimated peak short up directional wire demand : 0% in region X0_Y0 to X11_Y7
    Info (20265): Estimated peak short down directional wire demand : 0% in region X0_Y0 to X11_Y7
Info (20215): Router estimated peak long high speed interconnect demand : 1% of left directional wire in region X72_Y144 to X83_Y148
    Info (20265): Estimated peak long high speed right directional wire demand : 0% in region X0_Y0 to X11_Y7
    Info (20265): Estimated peak long high speed left directional wire demand : 1% in region X72_Y144 to X83_Y148
    Info (20265): Estimated peak long high speed up directional wire demand : 0% in region X0_Y0 to X11_Y7
    Info (20265): Estimated peak long high speed down directional wire demand : 0% in region X0_Y0 to X11_Y7
    Info (20315): Note that the router may use short wires to implement long connections at higher delay
Info (11888): Total time spent on timing analysis during Routing is 0.02 seconds.
Info (16607): Fitter routing operations ending: elapsed time is 00:01:51


--------------------------------------
; Global Router Wire Utilization Map ;
--------------------------------------
This report is unavailable in plain text report export.


+-------------------------------------------------------------------------------+
; Peak Wire Demand Summary                                                      ;
+-----------------+-----------+-----------------------------------+-------------+
; Wire            ; Direction ; Grid [(Xmin, Ymin), (Xmax, Ymax)] ; Peak Demand ;
+-----------------+-----------+-----------------------------------+-------------+
; short           ; left      ; [(84, 144), (95, 148)]            ; 0.357 %     ;
; long high speed ; left      ; [(72, 144), (83, 148)]            ; 1.389 %     ;
+-----------------+-----------+-----------------------------------+-------------+


+---------------------------------------------------------------------------------------------------------+
; Peak Wire Demand Details                                                                                ;
+-----------------+-----------+-----------------------------------+-------------+-------------------------+
; Wire            ; Direction ; Grid [(Xmin, Ymin), (Xmax, Ymax)] ; Peak Demand ; Net Names               ;
+-----------------+-----------+-----------------------------------+-------------+-------------------------+
; short           ; left      ; [(84, 144), (95, 148)]            ; 0.357 %     ;    High Routing Fan-Out ;
;     --          ;           ;                                   ;             ; in_bit~input            ;
; short           ; left      ; [(84, 144), (95, 148)]            ; 0.357 %     ;    Long Distance        ;
;     --          ;           ;                                   ;             ; in_bit~input            ;
; long high speed ; left      ; [(72, 144), (83, 148)]            ; 1.389 %     ;    High Routing Fan-Out ;
;     --          ;           ;                                   ;             ; in_bit~input            ;
; long high speed ; left      ; [(72, 144), (83, 148)]            ; 1.389 %     ;    Long Distance        ;
;     --          ;           ;                                   ;             ; in_bit~input            ;
+-----------------+-----------+-----------------------------------+-------------+-------------------------+


+-------------------------------------+
; Peak Total Grid Crossings           ;
+--------------+----------------------+
; Net Name     ; Total Grid Crossings ;
+--------------+----------------------+
; in_bit~input ; 5                    ;
+--------------+----------------------+


--------------------------------------------
; Global Router Congestion Hotspot Summary ;
--------------------------------------------
No congestion hotspots found where global router short wire usage exceeded 100%.
If the design is hard to route, use other techniques to analyze congestion. Refer to the Estimated Delay Added for Hold Timing section in the Fitter report and routing utilization in the Chip Planner.


