Synthesis report
Mon Jul  6 08:40:55 2026
Quartus Prime Version 26.1.0 Build 110 03/26/2026 SC Pro Edition


---------------------
; Table of Contents ;
---------------------
  1. Legal Notice
  2. Design Analysis Summary
  3. Design Analysis Source Files Read
  4. General Warnings
  5. Design Analysis Messages



----------------
; Legal Notice ;
----------------
Copyright (C) 2026  Altera Corporation. All rights reserved.
Your use of Altera Corporation's design tools, logic functions 
and other software and tools, and any partner logic 
functions, and any output files from any of the foregoing 
(including device programming or simulation files), and any 
associated documentation or information are expressly subject 
to the terms and conditions of the Altera Program License 
Subscription Agreement, the Altera Quartus Prime License Agreement,
the Altera IP License Agreement, or other applicable license
agreement, including, without limitation, that your use is for
the sole purpose of programming logic devices manufactured by
Altera and sold by Altera or its authorized distributors.  Please
refer to the Altera Software License Subscription Agreements 
on the Quartus Prime software download page.



+----------------------------------------------------------------+
; Design Analysis Summary                                        ;
+------------------------+---------------------------------------+
; Design Analysis Status ; Successful - Mon Jul  6 08:40:50 2026 ;
; Revision Name          ; Assignment1DHL                        ;
; Top-level Entity Name  ; Assignment1DHL                        ;
; Family                 ; Agilex 5                              ;
+------------------------+---------------------------------------+


+------------------------------------------------------------------------------------------------------------------------------------------------------------------------------------------------------------------+
; Design Analysis Source Files Read                                                                                                                                                                                ;
+----------------------------------+----------------------------------+-------------------------------------------------------------------+---------+-----------+---------------+----------------------------------+
; File Name with User-Entered Path ; File Type                        ; File Name with Absolute Path                                      ; Library ; IP Source ; Include Files ; MD5                              ;
+----------------------------------+----------------------------------+-------------------------------------------------------------------+---------+-----------+---------------+----------------------------------+
; Assignment1DHL.v                 ; User-Specified Verilog HDL File  ; C:/Users/noone/Quartus/project1/Assignment 1 DHL/Assignment1DHL.v ;         ;           ;               ; 1b2eb30d1ddc0ab2680de485a5319c30 ;
; Verilog2.v                       ; User-Specified Verilog HDL File  ; C:/Users/noone/Quartus/project1/Assignment 1 DHL/Verilog2.v       ;         ;           ;               ; 933fabff1317a7fca0150c059a1fd493 ;
+----------------------------------+----------------------------------+-------------------------------------------------------------------+---------+-----------+---------------+----------------------------------+


+--------------------------------------------------------------------------------------------------------------------------------------------------------------------------------------------------------------------+
; General Warnings                                                                                                                                                                                                   ;
+------------+------------------+-------+----------------------------------------------------------------------------------------------------------------------------------------------------------------------------+
; Message ID ; Severity         ; Count ; Sample Warning                                                                                                                                                             ;
+------------+------------------+-------+----------------------------------------------------------------------------------------------------------------------------------------------------------------------------+
; 20759      ; Critical Warning ; 1     ; Use the Reset Release IP in Agilex 5 designs to ensure a successful configuration. For more information about the Reset Release IP, refer to the Configuration User Guide. ;
+------------+------------------+-------+----------------------------------------------------------------------------------------------------------------------------------------------------------------------------+


+--------------------------+
; Design Analysis Messages ;
+--------------------------+
Info: *******************************************************************
Info: Running Quartus Prime Synthesis
    Info: Version 26.1.0 Build 110 03/26/2026 SC Pro Edition
    Info: Processing started: Mon Jul  6 08:40:46 2026
    Info: System process ID: 13948
Info: Command: quartus_syn --read_settings_files=on --write_settings_files=off Assignment1DHL -c Assignment1DHL --design_analysis
Info: qis_default_flow_script.tcl version: #1
Info: Initializing Synthesis...
Info: Project = "Assignment1DHL"
Info: Revision = "Assignment1DHL"
Info: Running Design Analysis
Info: Analyzing source files for Design Analysis mode
Info (21958): Initialized Quartus Message Database
Critical Warning (20759): Use the Reset Release IP in Agilex 5 designs to ensure a successful configuration. For more information about the Reset Release IP, refer to the Configuration User Guide.
Info: Quartus Prime Synthesis was successful. 0 errors, 1 warning
    Info: Peak virtual memory: 602 megabytes
    Info: Processing ended: Mon Jul  6 08:40:55 2026
    Info: Elapsed time: 00:00:09
    Info: System process ID: 13948


