Info: Start Simulation process
Info: RTL Simulation is invoked (generate script)
Info: Generating simulation script only. Third-party simulator tool is not launched at this moment.
Info: Simulation previous backup directory C:/Users/noone/Quartus/project1/Assignment 1 DHL/simulation/questa/rtlsim.bak has been deleted 
Info: Simulation previous run directory C:/Users/noone/Quartus/project1/Assignment 1 DHL/simulation/questa/rtlsim backed up into C:/Users/noone/Quartus/project1/Assignment 1 DHL/simulation/questa/rtlsim.bak 
Info: Simulation run directory C:/Users/noone/Quartus/project1/Assignment 1 DHL/simulation/questa/rtlsim is cleaned up
Info: Looking for the device name in the project qsf...
Critical_warning: Project path 'C:/Users/noone/Quartus/project1/Assignment 1 DHL/Assignment1DHL' has whitespace(s) in it which may cause issues downstream.
Info: Running ip-make-simscript --output-directory=device_sim_scripts --device-family=agilex5 --device=A5EC065BB32AE4S --spd=sim_dev.spd

========= EDA Simulation Settings =====================

Sim type              :  RTL
Sim family            :  agilex5
Sim mode              :  Generate Script Only
Sim tool              :  Questa Altera FPGA (Verilog)
Sim language          :  verilog
Simulator mode        :  GUI
Quartus root          :  c:/altera_pro/26.1/quartus/bin64/
Quartus sim root      :  c:/altera_pro/26.1/quartus/eda/sim_lib
Sim output dir        :  C:/Users/noone/Quartus/project1/Assignment 1 DHL/simulation/questa/rtlsim
Sim report file       :  C:/Users/noone/Quartus/project1/Assignment 1 DHL/output_files/Assignment1DHL_simulation.rpt
Sim transcript file   :  C:/Users/noone/Quartus/project1/Assignment 1 DHL/simulation/questa/rtlsim/*_transcript.log

=======================================================

Info: Starting simulation with Questa-Intel software
Sourced simulation flow script c:/altera_pro/26.1/quartus/common/tcl/internal/nativelink/modelsim.tcl
Critical_warning: vsim is not found in the specified path C:/intelFPGA. Questa Altera FPGA (Verilog) path can be specified using EDA Tool Options page of the Options dialog box or using the TCL command set_user_option -name EDA_TOOL_PATH_QUESTA_INTEL <directory path to the simulator>
Critical_warning: Can't launch the Questa-Intel software -- the path to the location of the executables for the Questa-Intel software were not specified or the executables were not found at specified path.
Critical_warning: You can specify the path using the Tcl command set_user_option.
Info: Compiling source file "C:/Users/noone/Quartus/project1/Assignment 1 DHL/Assignment1DHL.v" VERILOG_2001 in library work
Info: compile_source_file: source_file=C:/Users/noone/Quartus/project1/Assignment 1 DHL/Assignment1DHL.v, hdl_ver=VERILOG_2001, file_type=verilog, relative_source_file=C:/Users/noone/Quartus/project1/Assignment 1 DHL/Assignment1DHL.v, rtl_sim=1, include_incr_dir=1
Info: Compiling source file "C:/Users/noone/Quartus/project1/Assignment 1 DHL/Verilog2.v" VERILOG_2001 in library work
Info: compile_source_file: source_file=C:/Users/noone/Quartus/project1/Assignment 1 DHL/Verilog2.v, hdl_ver=VERILOG_2001, file_type=verilog, relative_source_file=C:/Users/noone/Quartus/project1/Assignment 1 DHL/Verilog2.v, rtl_sim=1, include_incr_dir=1
Info: Generated Questa-Intel do file C:/Users/noone/Quartus/project1/Assignment 1 DHL/simulation/questa/rtlsim/Assignment1DHL_run_msim_rtl_verilog.do
Info: To launch the third-party EDA tool and run the generated script, cd into the directory "C:/Users/noone/Quartus/project1/Assignment 1 DHL/simulation/questa/rtlsim", and run the command provided in the "run_sim_command.bat" file.
Info: Start Simulation process
